// Jest Snapshot v1, https://goo.gl/fbAQLP

exports[`helpers prefix should prefix "has a date after" operator appropriately 1`] = `"After "`;

exports[`helpers prefix should prefix "has a date before" operator appropriately 1`] = `"Before "`;

exports[`helpers prefix should prefix "has a date equal to" operator appropriately 1`] = `""`;

exports[`helpers prefix should prefix "has a date" operator appropriately 1`] = `""`;

exports[`helpers prefix should prefix "has a number above" operator appropriately 1`] = `">"`;

exports[`helpers prefix should prefix "has a number at or above" operator appropriately 1`] = `">= "`;

exports[`helpers prefix should prefix "has a number at or below" operator appropriately 1`] = `"<= "`;

exports[`helpers prefix should prefix "has a number below" operator appropriately 1`] = `"< "`;

exports[`helpers prefix should prefix "has a number between" operator appropriately 1`] = `""`;

exports[`helpers prefix should prefix "has a number equal to" operator appropriately 1`] = `""`;

exports[`helpers prefix should prefix "has a number" operator appropriately 1`] = `""`;

exports[`helpers prefix should prefix "has a phone number" operator appropriately 1`] = `""`;

exports[`helpers prefix should prefix "has a run status of" operator appropriately 1`] = `""`;

exports[`helpers prefix should prefix "has all of the words" operator appropriately 1`] = `""`;

exports[`helpers prefix should prefix "has an attachment" operator appropriately 1`] = `""`;

exports[`helpers prefix should prefix "has an email" operator appropriately 1`] = `""`;

exports[`helpers prefix should prefix "has an error" operator appropriately 1`] = `""`;

exports[`helpers prefix should prefix "has any of the words" operator appropriately 1`] = `""`;

exports[`helpers prefix should prefix "has only the phrase" operator appropriately 1`] = `""`;

exports[`helpers prefix should prefix "has some text" operator appropriately 1`] = `""`;

exports[`helpers prefix should prefix "has the phrase" operator appropriately 1`] = `""`;

exports[`helpers prefix should prefix "is in the group" operator appropriately 1`] = `""`;

exports[`helpers prefix should prefix "is not empty" operator appropriately 1`] = `""`;

exports[`helpers prefix should prefix "matches regex" operator appropriately 1`] = `""`;

exports[`helpers prefix should prefix "starts with" operator appropriately 1`] = `""`;

exports[`helpers validateCase cross validates min - max 1`] = `
Object {
  "argument": Object {
    "validationFailures": Array [],
    "value": "",
  },
  "categoryName": Object {
    "validationFailures": Array [],
    "value": "50 - 3",
  },
  "categoryNameEdited": false,
  "max": Object {
    "validationFailures": Array [
      Object {
        "message": "Maximum value must be a more than the minimum",
      },
    ],
    "value": "3",
  },
  "min": Object {
    "validationFailures": Array [
      Object {
        "message": "Minimum value must be a less than the maximum",
      },
    ],
    "value": "50",
  },
  "operatorConfig": Object {
    "additionalArguments": 2,
    "type": "has_number_between",
    "verboseName": "has a number between",
  },
  "valid": false,
}
`;

exports[`helpers validateCase does not require arguments without an exit 1`] = `
Object {
  "argument": Object {
    "validationFailures": Array [],
    "value": "",
  },
  "categoryName": Object {
    "validationFailures": Array [],
    "value": "",
  },
  "categoryNameEdited": false,
  "max": Object {
    "validationFailures": Array [],
    "value": "",
  },
  "min": Object {
    "validationFailures": Array [],
    "value": "",
  },
  "operatorConfig": Object {
    "additionalArguments": 1,
    "type": "has_any_word",
    "verboseName": "has any of the words",
    "visibility": Array [
      "messaging",
      "messaging_offline",
    ],
  },
  "valid": true,
}
`;

exports[`helpers validateCase does not suggest an empty range for exit name, ie " - " 1`] = `
Object {
  "argument": Object {
    "validationFailures": Array [],
    "value": "",
  },
  "categoryName": Object {
    "validationFailures": Array [],
    "value": "",
  },
  "categoryNameEdited": false,
  "max": Object {
    "validationFailures": Array [],
    "value": "",
  },
  "min": Object {
    "validationFailures": Array [],
    "value": "",
  },
  "operatorConfig": Object {
    "additionalArguments": 2,
    "type": "has_number_between",
    "verboseName": "has a number between",
  },
  "valid": true,
}
`;

exports[`helpers validateCase requires arguments when exit is set 1`] = `
Object {
  "argument": Object {
    "validationFailures": Array [
      Object {
        "message": "Value is required",
      },
    ],
    "value": "",
  },
  "categoryName": Object {
    "validationFailures": Array [],
    "value": "My Exit",
  },
  "categoryNameEdited": true,
  "max": Object {
    "validationFailures": Array [],
    "value": "",
  },
  "min": Object {
    "validationFailures": Array [],
    "value": "",
  },
  "operatorConfig": Object {
    "additionalArguments": 1,
    "type": "has_any_word",
    "verboseName": "has any of the words",
    "visibility": Array [
      "messaging",
      "messaging_offline",
    ],
  },
  "valid": false,
}
`;

exports[`helpers validateCase suggests min - max exits 1`] = `
Object {
  "argument": Object {
    "validationFailures": Array [],
    "value": "",
  },
  "categoryName": Object {
    "validationFailures": Array [],
    "value": "5 - 40",
  },
  "categoryNameEdited": false,
  "max": Object {
    "validationFailures": Array [],
    "value": "40",
  },
  "min": Object {
    "validationFailures": Array [],
    "value": "5",
  },
  "operatorConfig": Object {
    "additionalArguments": 2,
    "type": "has_number_between",
    "verboseName": "has a number between",
  },
  "valid": true,
}
`;

exports[`helpers validateCase suggests operator exit names for no operands 1`] = `
Object {
  "argument": Object {
    "validationFailures": Array [],
    "value": "",
  },
  "categoryName": Object {
    "validationFailures": Array [],
    "value": "Has Text",
  },
  "categoryNameEdited": false,
  "max": Object {
    "validationFailures": Array [],
    "value": "",
  },
  "min": Object {
    "validationFailures": Array [],
    "value": "",
  },
  "operatorConfig": Object {
    "additionalArguments": 0,
    "categoryName": "Has Text",
    "type": "has_text",
    "verboseName": "has some text",
    "visibility": Array [
      "messaging",
      "messaging_offline",
    ],
  },
  "valid": true,
}
`;
