// Jest Snapshot v1, https://goo.gl/fbAQLP

exports[`SubflowRouterForm render should render 1`] = `
<Dialog
  buttons={
    Object {
      "primary": Object {
        "name": "Ok",
        "onClick": [Function],
      },
      "secondary": Object {
        "name": "Cancel",
        "onClick": [Function],
      },
    }
  }
  headerClass="enter_flow"
  title="Enter a Flow"
>
  <TypeList
    __className=""
    initialType={
      Object {
        "aliases": Array [
          "split_by_subflow",
        ],
        "component": [Function],
        "description": "Enter another flow",
        "form": undefined,
        "localization": [Function],
        "localizeableKeys": Array [
          "exits",
        ],
        "name": "Enter a Flow",
        "type": "enter_flow",
      }
    }
    onChange={[MockFunction]}
  />
  <AssetSelector
    entry={
      Object {
        "value": Object {
          "id": "b1f332f3-bdd3-4891-aec5-1843a712dbf1",
          "name": "Colors",
          "type": "flow",
        },
      }
    }
    name="Flow"
    onChange={[Function]}
    onFilter={[Function]}
    placeholder="Select the flow to start"
    searchable={true}
  />
</Dialog>
`;

exports[`SubflowRouterForm updates coverts from other node types 1`] = `
Array [
  Object {
    "inboundConnections": Object {},
    "node": Object {
      "actions": Array [
        Object {
          "flow": Object {
            "name": "Favorite Color",
            "uuid": undefined,
          },
          "type": "enter_flow",
          "uuid": "d4a3a01c-1dee-4324-b107-4ac7a21d836f",
        },
      ],
      "exits": Array [
        Object {
          "destination_uuid": null,
          "uuid": "b1f332f3-bdd3-4891-aec5-1843a712dbf1",
        },
        Object {
          "destination_uuid": null,
          "uuid": "061fc171-8b79-4636-b892-bd0ea5aa9b42",
        },
      ],
      "router": Object {
        "cases": Array [
          Object {
            "arguments": Array [
              "@child.run.status",
              "completed",
            ],
            "category_uuid": "1dce2b34-9aab-4e20-81c4-3f0408dcb671",
            "type": "is_text_eq",
            "uuid": "477ac8b4-25e2-483a-8686-2d1332c4da1c",
          },
          Object {
            "arguments": Array [
              "@child.run.status",
              "expired",
            ],
            "category_uuid": "763e4844-3e1b-407a-a1b5-5fdfcd308b41",
            "type": "is_text_eq",
            "uuid": "1e47a1e1-3c67-4df5-adf1-da542c789adb",
          },
        ],
        "categories": Array [
          Object {
            "exit_uuid": "b1f332f3-bdd3-4891-aec5-1843a712dbf1",
            "name": "Complete",
            "uuid": "1dce2b34-9aab-4e20-81c4-3f0408dcb671",
          },
          Object {
            "exit_uuid": "061fc171-8b79-4636-b892-bd0ea5aa9b42",
            "name": "Expired",
            "uuid": "763e4844-3e1b-407a-a1b5-5fdfcd308b41",
          },
        ],
        "default_category_uuid": null,
        "type": "switch",
      },
      "uuid": "061fc171-8b79-4636-b892-bd0ea5aa9b42",
    },
    "ui": Object {
      "config": Object {},
      "position": null,
      "type": "split_by_subflow",
    },
  },
]
`;

exports[`SubflowRouterForm updates creates its own action uuid if necessary 1`] = `
Array [
  Object {
    "inboundConnections": Object {},
    "node": Object {
      "actions": Array [
        Object {
          "flow": Object {
            "name": "Favorite Color",
            "uuid": undefined,
          },
          "type": "enter_flow",
          "uuid": "132de855-4042-4dc1-a18f-cc2e6a8f790a",
        },
      ],
      "exits": Array [
        Object {
          "destination_uuid": null,
          "uuid": "2dc85899-0577-4f1b-a620-f12094e34b5e",
        },
        Object {
          "destination_uuid": null,
          "uuid": "42ebf1d0-a43e-4ba6-9577-c863b20c88c4",
        },
      ],
      "router": Object {
        "cases": Array [
          Object {
            "arguments": Array [
              "@child.run.status",
              "completed",
            ],
            "category_uuid": "70ac6ea6-803a-4c33-81c7-dc26803c313f",
            "type": "is_text_eq",
            "uuid": "e0bc3776-792f-49d2-b4be-48be2cf8159a",
          },
          Object {
            "arguments": Array [
              "@child.run.status",
              "expired",
            ],
            "category_uuid": "e67ce051-f3e4-4c42-807b-e393df5fa382",
            "type": "is_text_eq",
            "uuid": "6c22884b-0e35-4206-982e-18320691eda9",
          },
        ],
        "categories": Array [
          Object {
            "exit_uuid": "2dc85899-0577-4f1b-a620-f12094e34b5e",
            "name": "Complete",
            "uuid": "70ac6ea6-803a-4c33-81c7-dc26803c313f",
          },
          Object {
            "exit_uuid": "42ebf1d0-a43e-4ba6-9577-c863b20c88c4",
            "name": "Expired",
            "uuid": "e67ce051-f3e4-4c42-807b-e393df5fa382",
          },
        ],
        "default_category_uuid": null,
        "type": "switch",
      },
      "uuid": "061fc171-8b79-4636-b892-bd0ea5aa9b42",
    },
    "ui": Object {
      "config": Object {},
      "position": null,
      "type": "split_by_subflow",
    },
  },
]
`;

exports[`SubflowRouterForm updates should update and save 1`] = `
Object {
  "flow": Object {
    "validationFailures": Array [],
    "value": Object {
      "name": "Favorite Color",
      "uuid": "9a93ede6-078f-44c9-ad0a-133793be5d56",
    },
  },
  "valid": true,
}
`;

exports[`SubflowRouterForm updates should update and save 2`] = `
Array [
  Object {
    "inboundConnections": Object {},
    "node": Object {
      "actions": Array [
        Object {
          "flow": Object {
            "name": "Favorite Color",
            "uuid": undefined,
          },
          "type": "enter_flow",
          "uuid": "d4a3a01c-1dee-4324-b107-4ac7a21d836f",
        },
      ],
      "exits": Array [
        Object {
          "destination_uuid": null,
          "uuid": "1dce2b34-9aab-4e20-81c4-3f0408dcb671",
        },
        Object {
          "destination_uuid": null,
          "uuid": "763e4844-3e1b-407a-a1b5-5fdfcd308b41",
        },
      ],
      "router": Object {
        "cases": Array [
          Object {
            "arguments": Array [
              "C",
            ],
            "category_uuid": "477ac8b4-25e2-483a-8686-2d1332c4da1c",
            "type": "has_run_status",
            "uuid": "132de855-4042-4dc1-a18f-cc2e6a8f790a",
          },
          Object {
            "arguments": Array [
              "E",
            ],
            "category_uuid": "1e47a1e1-3c67-4df5-adf1-da542c789adb",
            "type": "has_run_status",
            "uuid": "2dc85899-0577-4f1b-a620-f12094e34b5e",
          },
        ],
        "categories": Array [
          Object {
            "exit_uuid": "1dce2b34-9aab-4e20-81c4-3f0408dcb671",
            "name": "Complete",
            "uuid": "477ac8b4-25e2-483a-8686-2d1332c4da1c",
          },
          Object {
            "exit_uuid": "763e4844-3e1b-407a-a1b5-5fdfcd308b41",
            "name": "Expired",
            "uuid": "1e47a1e1-3c67-4df5-adf1-da542c789adb",
          },
        ],
        "default_category_uuid": null,
        "type": "switch",
      },
      "uuid": "061fc171-8b79-4636-b892-bd0ea5aa9b42",
    },
    "ui": Object {
      "config": Object {},
      "position": null,
      "type": "split_by_subflow",
    },
  },
]
`;
