// Jest Snapshot v1, https://goo.gl/fbAQLP

exports[`AirtimeRouterForm render should render 1`] = `
<Dialog
  buttons={
    Object {
      "primary": Object {
        "name": "Ok",
        "onClick": [Function],
      },
      "secondary": Object {
        "name": "Cancel",
        "onClick": [Function],
      },
    }
  }
  headerClass="transfer_airtime"
  title="Send Airtime"
>
  <TypeList
    __className=""
    initialType={
      Object {
        "aliases": Array [
          "split_by_airtime",
        ],
        "component": [Function],
        "description": "Send the contact airtime",
        "form": undefined,
        "localization": [Function],
        "localizeableKeys": Array [
          "exits",
        ],
        "name": "Send Airtime",
        "type": "transfer_airtime",
      }
    }
    onChange={[MockFunction]}
  />
  <div>
    <CurrencyElement
      exclude={
        Array [
          Object {
            "value": Object {
              "amount": "1.5",
              "code": "USD",
            },
          },
        ]
      }
      index={0}
      key="currency_0"
      onChange={[Function]}
      onRemove={[Function]}
      transfer={
        Object {
          "value": Object {
            "amount": "1.5",
            "code": "USD",
          },
        }
      }
    />
    <CurrencyElement
      exclude={
        Array [
          Object {
            "value": Object {
              "amount": "1.5",
              "code": "USD",
            },
          },
        ]
      }
      index={-1}
      key="currency_-1"
      onChange={[Function]}
      onRemove={[Function]}
      transfer={
        Object {
          "value": Object {
            "amount": "",
            "code": null,
          },
        }
      }
    />
  </div>
</Dialog>
`;

exports[`AirtimeRouterForm updates coverts from other node types 1`] = `
Array [
  Object {
    "inboundConnections": Object {},
    "node": Object {
      "actions": Array [
        Object {
          "amounts": Object {
            "USD": 1.5,
          },
          "type": "transfer_airtime",
          "uuid": "b1f332f3-bdd3-4891-aec5-1843a712dbf1",
        },
      ],
      "exits": Array [
        Object {
          "destination_uuid": null,
          "uuid": "1dce2b34-9aab-4e20-81c4-3f0408dcb671",
        },
        Object {
          "destination_uuid": null,
          "uuid": "763e4844-3e1b-407a-a1b5-5fdfcd308b41",
        },
        Object {
          "destination_uuid": null,
          "uuid": "477ac8b4-25e2-483a-8686-2d1332c4da1c",
        },
      ],
      "router": Object {
        "cases": Array [
          Object {
            "arguments": Array [
              "success",
            ],
            "category_uuid": "1e47a1e1-3c67-4df5-adf1-da542c789adb",
            "type": "has_webhook_status",
            "uuid": "42ebf1d0-a43e-4ba6-9577-c863b20c88c4",
          },
          Object {
            "arguments": Array [
              "response_error",
            ],
            "category_uuid": "132de855-4042-4dc1-a18f-cc2e6a8f790a",
            "type": "has_webhook_status",
            "uuid": "70ac6ea6-803a-4c33-81c7-dc26803c313f",
          },
          Object {
            "arguments": Array [
              "response_failure",
            ],
            "category_uuid": "2dc85899-0577-4f1b-a620-f12094e34b5e",
            "type": "has_webhook_status",
            "uuid": "e67ce051-f3e4-4c42-807b-e393df5fa382",
          },
        ],
        "categories": Array [
          Object {
            "exit_uuid": "1dce2b34-9aab-4e20-81c4-3f0408dcb671",
            "name": "Success",
            "uuid": "1e47a1e1-3c67-4df5-adf1-da542c789adb",
          },
          Object {
            "exit_uuid": "763e4844-3e1b-407a-a1b5-5fdfcd308b41",
            "name": "Failed",
            "uuid": "132de855-4042-4dc1-a18f-cc2e6a8f790a",
          },
          Object {
            "exit_uuid": "477ac8b4-25e2-483a-8686-2d1332c4da1c",
            "name": "Unreachable",
            "uuid": "2dc85899-0577-4f1b-a620-f12094e34b5e",
          },
        ],
        "default_category_uuid": null,
        "type": "switch",
      },
      "uuid": "061fc171-8b79-4636-b892-bd0ea5aa9b42",
    },
    "ui": Object {
      "config": Object {},
      "position": null,
      "type": "split_by_airtime",
    },
  },
]
`;

exports[`AirtimeRouterForm updates creates its own action uuid if necessary 1`] = `undefined`;

exports[`AirtimeRouterForm updates should update and save 1`] = `
Object {
  "amounts": Array [
    Object {
      "value": Object {
        "amount": "1.5",
        "code": "USD",
      },
    },
    Object {
      "value": Object {
        "amount": "",
        "code": "USD",
      },
    },
  ],
  "valid": false,
  "validationFailures": Array [],
}
`;

exports[`AirtimeRouterForm updates should update and save 2`] = `
Array [
  Object {
    "inboundConnections": Object {},
    "node": Object {
      "actions": Array [
        Object {
          "amounts": Object {
            "USD": 1.5,
          },
          "type": "transfer_airtime",
          "uuid": "b1f332f3-bdd3-4891-aec5-1843a712dbf1",
        },
      ],
      "exits": Array [
        Object {
          "destination_uuid": null,
          "uuid": "1dce2b34-9aab-4e20-81c4-3f0408dcb671",
        },
        Object {
          "destination_uuid": null,
          "uuid": "763e4844-3e1b-407a-a1b5-5fdfcd308b41",
        },
        Object {
          "destination_uuid": null,
          "uuid": "477ac8b4-25e2-483a-8686-2d1332c4da1c",
        },
      ],
      "router": Object {
        "cases": Array [
          Object {
            "arguments": Array [
              "success",
            ],
            "category_uuid": "1e47a1e1-3c67-4df5-adf1-da542c789adb",
            "type": "has_webhook_status",
            "uuid": "42ebf1d0-a43e-4ba6-9577-c863b20c88c4",
          },
          Object {
            "arguments": Array [
              "response_error",
            ],
            "category_uuid": "132de855-4042-4dc1-a18f-cc2e6a8f790a",
            "type": "has_webhook_status",
            "uuid": "70ac6ea6-803a-4c33-81c7-dc26803c313f",
          },
          Object {
            "arguments": Array [
              "response_failure",
            ],
            "category_uuid": "2dc85899-0577-4f1b-a620-f12094e34b5e",
            "type": "has_webhook_status",
            "uuid": "e67ce051-f3e4-4c42-807b-e393df5fa382",
          },
        ],
        "categories": Array [
          Object {
            "exit_uuid": "1dce2b34-9aab-4e20-81c4-3f0408dcb671",
            "name": "Success",
            "uuid": "1e47a1e1-3c67-4df5-adf1-da542c789adb",
          },
          Object {
            "exit_uuid": "763e4844-3e1b-407a-a1b5-5fdfcd308b41",
            "name": "Failed",
            "uuid": "132de855-4042-4dc1-a18f-cc2e6a8f790a",
          },
          Object {
            "exit_uuid": "477ac8b4-25e2-483a-8686-2d1332c4da1c",
            "name": "Unreachable",
            "uuid": "2dc85899-0577-4f1b-a620-f12094e34b5e",
          },
        ],
        "default_category_uuid": null,
        "type": "switch",
      },
      "uuid": "061fc171-8b79-4636-b892-bd0ea5aa9b42",
    },
    "ui": Object {
      "config": Object {},
      "position": null,
      "type": "split_by_airtime",
    },
  },
]
`;
