// Jest Snapshot v1, https://goo.gl/fbAQLP

exports[`FieldRouterForm initializes 1`] = `
<Dialog
  buttons={
    Object {
      "primary": Object {
        "name": "Ok",
        "onClick": [Function],
      },
      "secondary": Object {
        "name": "Cancel",
        "onClick": [Function],
      },
    }
  }
  headerClass="split_by_contact_field"
  title="Split by Contact"
>
  <TypeList
    __className=""
    initialType={
      Object {
        "description": "Split by contact",
        "form": [Function],
        "localization": [Function],
        "localizeableKeys": Array [
          "exits",
          "cases",
        ],
        "name": "Split by Contact",
        "type": "split_by_contact_field",
      }
    }
    onChange={[MockFunction]}
  />
  <div
    className="leadIn"
  >
    If the contact's
    <div
      className="fieldSelect select-small"
    >
      <AssetSelector
        additionalOptions={
          Array [
            Object {
              "id": "name",
              "name": "Name",
              "type": "property",
            },
            Object {
              "id": "language",
              "name": "Language",
              "type": "property",
            },
            Object {
              "id": "channel",
              "name": "Channel",
              "type": "property",
            },
            Object {
              "id": "ext",
              "name": "External ID",
              "type": "scheme",
            },
            Object {
              "id": "facebook",
              "name": "Facebook ID",
              "type": "scheme",
            },
            Object {
              "id": "fcm",
              "name": "Firebase ID",
              "type": "scheme",
            },
            Object {
              "id": "jiochat",
              "name": "Jiochat ID",
              "type": "scheme",
            },
            Object {
              "id": "line",
              "name": "Line ID",
              "type": "scheme",
            },
            Object {
              "id": "mailto",
              "name": "Email Address",
              "type": "scheme",
            },
            Object {
              "id": "tel",
              "name": "Phone Number",
              "type": "scheme",
            },
            Object {
              "id": "telegram",
              "name": "Telegram ID",
              "type": "scheme",
            },
            Object {
              "id": "twitterid",
              "name": "Twitter ID",
              "type": "scheme",
            },
            Object {
              "id": "wechat",
              "name": "Wechat ID",
              "type": "scheme",
            },
            Object {
              "id": "whatsapp",
              "name": "Whatsapp Number",
              "type": "scheme",
            },
            Object {
              "id": "viber",
              "name": "Viber ID",
              "type": "scheme",
            },
          ]
        }
        assets={
          Object {
            "items": Object {},
            "type": "field",
          }
        }
        entry={
          Object {
            "value": Object {
              "id": "favorite_color",
              "name": null,
              "type": "field",
            },
          }
        }
        name="Contact Field"
        onChange={[Function]}
        searchable={true}
        sortFunction={[Function]}
        styles={
          Object {
            "control": [Function],
            "indicatorsContainer": [Function],
            "input": [Function],
            "menuList": [Function],
            "option": [Function],
            "singleValue": [Function],
            "valueContainer": [Function],
          }
        }
      />
    </div>
  </div>
  <CaseList
    cases={
      Array [
        Object {
          "categoryName": null,
          "kase": Object {
            "arguments": Array [],
            "category_uuid": null,
            "type": "has_any_word",
            "uuid": "061fc171-8b79-4636-b892-bd0ea5aa9b42",
          },
          "uuid": "061fc171-8b79-4636-b892-bd0ea5aa9b42",
          "valid": true,
        },
      ]
    }
    data-spec="cases"
    onCasesUpdated={[Function]}
  />
  <OptionalTextInput
    helpText="By naming the result, you can reference it later using @run.results.whatever_the_name_is"
    name="Result Name"
    onChange={[Function]}
    toggleText="Save as.."
    value={
      Object {
        "value": "Color",
      }
    }
  />
</Dialog>
`;

exports[`FieldRouterForm should render 1`] = `
<Dialog
  buttons={
    Object {
      "primary": Object {
        "name": "Ok",
        "onClick": [Function],
      },
      "secondary": Object {
        "name": "Cancel",
        "onClick": [Function],
      },
    }
  }
  headerClass="split_by_contact_field"
  title="Split by Contact"
>
  <TypeList
    __className=""
    initialType={
      Object {
        "description": "Split by contact",
        "form": [Function],
        "localization": [Function],
        "localizeableKeys": Array [
          "exits",
          "cases",
        ],
        "name": "Split by Contact",
        "type": "split_by_contact_field",
      }
    }
    onChange={[MockFunction]}
  />
  <div
    className="leadIn"
  >
    If the contact's
    <div
      className="fieldSelect select-small"
    >
      <AssetSelector
        additionalOptions={
          Array [
            Object {
              "id": "name",
              "name": "Name",
              "type": "property",
            },
            Object {
              "id": "language",
              "name": "Language",
              "type": "property",
            },
            Object {
              "id": "channel",
              "name": "Channel",
              "type": "property",
            },
            Object {
              "id": "ext",
              "name": "External ID",
              "type": "scheme",
            },
            Object {
              "id": "facebook",
              "name": "Facebook ID",
              "type": "scheme",
            },
            Object {
              "id": "fcm",
              "name": "Firebase ID",
              "type": "scheme",
            },
            Object {
              "id": "jiochat",
              "name": "Jiochat ID",
              "type": "scheme",
            },
            Object {
              "id": "line",
              "name": "Line ID",
              "type": "scheme",
            },
            Object {
              "id": "mailto",
              "name": "Email Address",
              "type": "scheme",
            },
            Object {
              "id": "tel",
              "name": "Phone Number",
              "type": "scheme",
            },
            Object {
              "id": "telegram",
              "name": "Telegram ID",
              "type": "scheme",
            },
            Object {
              "id": "twitterid",
              "name": "Twitter ID",
              "type": "scheme",
            },
            Object {
              "id": "wechat",
              "name": "Wechat ID",
              "type": "scheme",
            },
            Object {
              "id": "whatsapp",
              "name": "Whatsapp Number",
              "type": "scheme",
            },
            Object {
              "id": "viber",
              "name": "Viber ID",
              "type": "scheme",
            },
          ]
        }
        assets={
          Object {
            "items": Object {},
            "type": "field",
          }
        }
        entry={
          Object {
            "value": Object {
              "id": "favorite_color",
              "name": null,
              "type": "field",
            },
          }
        }
        name="Contact Field"
        onChange={[Function]}
        searchable={true}
        sortFunction={[Function]}
        styles={
          Object {
            "control": [Function],
            "indicatorsContainer": [Function],
            "input": [Function],
            "menuList": [Function],
            "option": [Function],
            "singleValue": [Function],
            "valueContainer": [Function],
          }
        }
      />
    </div>
  </div>
  <CaseList
    cases={Array []}
    data-spec="cases"
    onCasesUpdated={[Function]}
  />
  <OptionalTextInput
    helpText="By naming the result, you can reference it later using @run.results.whatever_the_name_is"
    name="Result Name"
    onChange={[Function]}
    toggleText="Save as.."
    value={
      Object {
        "value": "",
      }
    }
  />
</Dialog>
`;

exports[`FieldRouterForm updates should save changes 1`] = `
Object {
  "cases": Array [
    Object {
      "categoryName": "Red",
      "kase": Object {
        "arguments": Array [
          "red",
        ],
        "type": "has_any_word",
      },
    },
    Object {
      "categoryName": "Red",
      "kase": Object {
        "arguments": Array [
          "maroon",
        ],
        "type": "has_any_word",
      },
    },
    Object {
      "categoryName": "Green",
      "kase": Object {
        "arguments": Array [
          "green",
        ],
        "type": "has_any_word",
      },
    },
  ],
  "field": Object {
    "value": Object {
      "id": "favorite_color",
      "name": null,
      "type": "field",
    },
  },
  "resultName": Object {
    "value": "Favorite Color",
  },
  "valid": true,
}
`;

exports[`FieldRouterForm updates should save changes 2`] = `
Array [
  Object {
    "inboundConnections": Object {},
    "node": Object {
      "actions": Array [],
      "exits": Array [
        Object {
          "uuid": "477ac8b4-25e2-483a-8686-2d1332c4da1c",
        },
        Object {
          "uuid": "132de855-4042-4dc1-a18f-cc2e6a8f790a",
        },
        Object {
          "uuid": "42ebf1d0-a43e-4ba6-9577-c863b20c88c4",
        },
      ],
      "router": Object {
        "cases": Array [
          Object {
            "arguments": Array [
              "@contact.fields.favorite_color",
              "red",
            ],
            "category_uuid": "1e47a1e1-3c67-4df5-adf1-da542c789adb",
            "type": "has_any_word",
          },
          Object {
            "arguments": Array [
              "@contact.fields.favorite_color",
              "maroon",
            ],
            "category_uuid": "1e47a1e1-3c67-4df5-adf1-da542c789adb",
            "type": "has_any_word",
          },
          Object {
            "arguments": Array [
              "@contact.fields.favorite_color",
              "green",
            ],
            "category_uuid": "2dc85899-0577-4f1b-a620-f12094e34b5e",
            "type": "has_any_word",
          },
        ],
        "categories": Array [
          Object {
            "exit_uuid": "477ac8b4-25e2-483a-8686-2d1332c4da1c",
            "name": "Red",
            "uuid": "1e47a1e1-3c67-4df5-adf1-da542c789adb",
          },
          Object {
            "exit_uuid": "132de855-4042-4dc1-a18f-cc2e6a8f790a",
            "name": "Green",
            "uuid": "2dc85899-0577-4f1b-a620-f12094e34b5e",
          },
          Object {
            "exit_uuid": "42ebf1d0-a43e-4ba6-9577-c863b20c88c4",
            "name": "Other",
            "uuid": "70ac6ea6-803a-4c33-81c7-dc26803c313f",
          },
        ],
        "default_category_uuid": "70ac6ea6-803a-4c33-81c7-dc26803c313f",
        "result_name": "Favorite Color",
        "type": "switch",
      },
      "uuid": "b1f332f3-bdd3-4891-aec5-1843a712dbf1",
    },
    "ui": Object {
      "config": Object {
        "router": Object {
          "cases": Object {},
          "operand": "@contact.fields.favorite_color",
          "operandAsset": Object {
            "id": "favorite_color",
            "name": null,
            "type": "field",
          },
        },
      },
      "position": null,
      "type": "split_by_contact_field",
    },
  },
]
`;
